bits.test.test.fidl.json
bits.test.test.fidl.json_async.dart.golden
bits.test.test.fidl.json_sync.dart.golden
bits.test.test.fidl.json_test.dart.golden
doc_comments.test.fidl.json
doc_comments.test.fidl.json_async.dart.golden
doc_comments.test.fidl.json_sync.dart.golden
doc_comments.test.fidl.json_test.dart.golden
empty_struct.test.fidl.json
empty_struct.test.fidl.json_async.dart.golden
empty_struct.test.fidl.json_sync.dart.golden
empty_struct.test.fidl.json_test.dart.golden
ordinal_switch.test.fidl.json
ordinal_switch.test.fidl.json_async.dart.golden
ordinal_switch.test.fidl.json_sync.dart.golden
ordinal_switch.test.fidl.json_test.dart.golden
protocols.test.fidl.json
protocols.test.fidl.json_async.dart.golden
protocols.test.fidl.json_sync.dart.golden
protocols.test.fidl.json_test.dart.golden
tables.test.fidl.json
tables.test.fidl.json_async.dart.golden
tables.test.fidl.json_sync.dart.golden
tables.test.fidl.json_test.dart.golden
union.test.fidl.json
union.test.fidl.json_async.dart.golden
union.test.fidl.json_sync.dart.golden
union.test.fidl.json_test.dart.golden
xunion.test.fidl.json
xunion.test.fidl.json_async.dart.golden
xunion.test.fidl.json_sync.dart.golden
xunion.test.fidl.json_test.dart.golden
