{
  "version": "0.0.1",
  "name": "test.name",
  "library_dependencies": [],
  "bits_declarations": [],
  "const_declarations": [],
  "enum_declarations": [],
  "interface_declarations": [
    {
      "name": "test.name/SwitchingOrdinals",
      "location": {
        "filename": "garnet/go/src/fidl/compiler/backend/typestest/ordinal_switch.test.fidl",
        "line": 3,
        "column": 10
      },
      "methods": [
        {
          "ordinal": 8612117681472012288,
          "generated_ordinal": 8612117681472012288,
          "name": "OrdinalFive",
          "location": {
            "filename": "garnet/go/src/fidl/compiler/backend/typestest/ordinal_switch.test.fidl",
            "line": 4,
            "column": 5
          },
          "has_request": true,
          "maybe_request": [],
          "maybe_request_size": 16,
          "maybe_request_alignment": 8,
          "maybe_request_has_padding": false,
          "experimental_maybe_request_has_flexible_envelope": false,
          "has_response": false,
          "is_composed": false
        },
        {
          "ordinal": 2866919527965261824,
          "generated_ordinal": 2866919527965261824,
          "name": "OnlyGeneratedOrdinal",
          "location": {
            "filename": "garnet/go/src/fidl/compiler/backend/typestest/ordinal_switch.test.fidl",
            "line": 5,
            "column": 5
          },
          "has_request": true,
          "maybe_request": [],
          "maybe_request_size": 16,
          "maybe_request_alignment": 8,
          "maybe_request_has_padding": false,
          "experimental_maybe_request_has_flexible_envelope": false,
          "has_response": false,
          "is_composed": false
        },
        {
          "ordinal": 6301826297320439808,
          "generated_ordinal": 6301826297320439808,
          "name": "EventOrdinalFifteen",
          "location": {
            "filename": "garnet/go/src/fidl/compiler/backend/typestest/ordinal_switch.test.fidl",
            "line": 6,
            "column": 8
          },
          "has_request": false,
          "has_response": true,
          "maybe_response": [],
          "maybe_response_size": 16,
          "maybe_response_alignment": 8,
          "maybe_response_has_padding": false,
          "experimental_maybe_response_has_flexible_envelope": false,
          "is_composed": false
        },
        {
          "ordinal": 9217819838141956096,
          "generated_ordinal": 9217819838141956096,
          "name": "EventOnlyGeneratedOrdinal",
          "location": {
            "filename": "garnet/go/src/fidl/compiler/backend/typestest/ordinal_switch.test.fidl",
            "line": 7,
            "column": 8
          },
          "has_request": false,
          "has_response": true,
          "maybe_response": [],
          "maybe_response_size": 16,
          "maybe_response_alignment": 8,
          "maybe_response_has_padding": false,
          "experimental_maybe_response_has_flexible_envelope": false,
          "is_composed": false
        }
      ]
    }
  ],
  "service_declarations": [],
  "struct_declarations": [],
  "table_declarations": [],
  "union_declarations": [],
  "xunion_declarations": [],
  "type_alias_declarations": [],
  "declaration_order": [
    "test.name/SwitchingOrdinals"
  ],
  "declarations": {
    "test.name/SwitchingOrdinals": "interface"
  }
}
