{
  "version": "0.0.1",
  "name": "test.name",
  "library_dependencies": [],
  "bits_declarations": [],
  "const_declarations": [],
  "enum_declarations": [],
  "interface_declarations": [
    {
      "name": "test.name/FirstProtocol",
      "location": {
        "filename": "garnet/go/src/fidl/compiler/backend/typestest/service.test.fidl",
        "line": 7,
        "column": 10
      },
      "methods": [
        {
          "ordinal": 2898251288619778048,
          "generated_ordinal": 2898251288619778048,
          "name": "MethodOnFirst",
          "location": {
            "filename": "garnet/go/src/fidl/compiler/backend/typestest/service.test.fidl",
            "line": 8,
            "column": 5
          },
          "has_request": true,
          "maybe_request": [],
          "maybe_request_size": 16,
          "maybe_request_alignment": 8,
          "maybe_request_has_padding": false,
          "experimental_maybe_request_has_flexible_envelope": false,
          "has_response": false,
          "is_composed": false
        }
      ]
    },
    {
      "name": "test.name/SecondProtocol",
      "location": {
        "filename": "garnet/go/src/fidl/compiler/backend/typestest/service.test.fidl",
        "line": 15,
        "column": 10
      },
      "methods": [
        {
          "ordinal": 939493167940501504,
          "generated_ordinal": 939493167940501504,
          "name": "MethodOnSecond",
          "location": {
            "filename": "garnet/go/src/fidl/compiler/backend/typestest/service.test.fidl",
            "line": 16,
            "column": 5
          },
          "has_request": true,
          "maybe_request": [],
          "maybe_request_size": 16,
          "maybe_request_alignment": 8,
          "maybe_request_has_padding": false,
          "experimental_maybe_request_has_flexible_envelope": false,
          "has_response": false,
          "is_composed": false
        }
      ]
    }
  ],
  "service_declarations": [
    {
      "name": "test.name/SingleMemberService",
      "location": {
        "filename": "garnet/go/src/fidl/compiler/backend/typestest/service.test.fidl",
        "line": 11,
        "column": 9
      },
      "members": [
        {
          "type": {
            "kind": "identifier",
            "identifier": "test.name/FirstProtocol",
            "nullable": false
          },
          "name": "single_member",
          "location": {
            "filename": "garnet/go/src/fidl/compiler/backend/typestest/service.test.fidl",
            "line": 12,
            "column": 19
          }
        }
      ]
    },
    {
      "name": "test.name/MultiHeterogeneousMemberService",
      "location": {
        "filename": "garnet/go/src/fidl/compiler/backend/typestest/service.test.fidl",
        "line": 19,
        "column": 9
      },
      "members": [
        {
          "type": {
            "kind": "identifier",
            "identifier": "test.name/FirstProtocol",
            "nullable": false
          },
          "name": "first_member",
          "location": {
            "filename": "garnet/go/src/fidl/compiler/backend/typestest/service.test.fidl",
            "line": 20,
            "column": 19
          }
        },
        {
          "type": {
            "kind": "identifier",
            "identifier": "test.name/SecondProtocol",
            "nullable": false
          },
          "name": "second_member",
          "location": {
            "filename": "garnet/go/src/fidl/compiler/backend/typestest/service.test.fidl",
            "line": 21,
            "column": 20
          }
        }
      ]
    },
    {
      "name": "test.name/MultiHomogeneousMemberService",
      "location": {
        "filename": "garnet/go/src/fidl/compiler/backend/typestest/service.test.fidl",
        "line": 24,
        "column": 9
      },
      "members": [
        {
          "type": {
            "kind": "identifier",
            "identifier": "test.name/FirstProtocol",
            "nullable": false
          },
          "name": "first_member",
          "location": {
            "filename": "garnet/go/src/fidl/compiler/backend/typestest/service.test.fidl",
            "line": 25,
            "column": 19
          }
        },
        {
          "type": {
            "kind": "identifier",
            "identifier": "test.name/FirstProtocol",
            "nullable": false
          },
          "name": "second_member",
          "location": {
            "filename": "garnet/go/src/fidl/compiler/backend/typestest/service.test.fidl",
            "line": 26,
            "column": 19
          }
        }
      ]
    }
  ],
  "struct_declarations": [],
  "table_declarations": [],
  "union_declarations": [],
  "xunion_declarations": [],
  "type_alias_declarations": [],
  "declaration_order": [
    "test.name/SecondProtocol",
    "test.name/FirstProtocol",
    "test.name/SingleMemberService",
    "test.name/MultiHomogeneousMemberService",
    "test.name/MultiHeterogeneousMemberService"
  ],
  "declarations": {
    "test.name/FirstProtocol": "interface",
    "test.name/SecondProtocol": "interface",
    "test.name/SingleMemberService": "service",
    "test.name/MultiHeterogeneousMemberService": "service",
    "test.name/MultiHomogeneousMemberService": "service"
  }
}
